Archive member included because of file (symbol)

c:/winavr/bin/../lib/gcc/avr/4.3.3/../../../../avr/lib/avr51\libprintf_flt.a(vfprintf_flt.o)
                              (vfprintf)
c:/winavr/bin/../lib/gcc/avr/4.3.3/avr51\libgcc.a(_divmodhi4.o)
                              obj\Release\lcd_graphics.o (__divmodhi4)
c:/winavr/bin/../lib/gcc/avr/4.3.3/avr51\libgcc.a(_exit.o)
                              c:/winavr/bin/../lib/gcc/avr/4.3.3/../../../../avr/lib/avr51/crtm128.o (exit)
c:/winavr/bin/../lib/gcc/avr/4.3.3/avr51\libgcc.a(_clear_bss.o)
                              obj\Release\core.o (__do_clear_bss)
c:/winavr/bin/../lib/gcc/avr/4.3.3/avr51\libgcc.a(_mul_sf.o)
                              obj\Release\display.o (__mulsf3)
c:/winavr/bin/../lib/gcc/avr/4.3.3/avr51\libgcc.a(_div_sf.o)
                              obj\Release\display.o (__divsf3)
c:/winavr/bin/../lib/gcc/avr/4.3.3/avr51\libgcc.a(_thenan_sf.o)
                              c:/winavr/bin/../lib/gcc/avr/4.3.3/avr51\libgcc.a(_mul_sf.o) (__thenan_sf)
c:/winavr/bin/../lib/gcc/avr/4.3.3/avr51\libgcc.a(_usi_to_sf.o)
                              obj\Release\display.o (__floatunsisf)
c:/winavr/bin/../lib/gcc/avr/4.3.3/avr51\libgcc.a(_udivmodhi4.o)
                              c:/winavr/bin/../lib/gcc/avr/4.3.3/avr51\libgcc.a(_divmodhi4.o) (__udivmodhi4)
c:/winavr/bin/../lib/gcc/avr/4.3.3/avr51\libgcc.a(_prologue.o)
                              c:/winavr/bin/../lib/gcc/avr/4.3.3/avr51\libgcc.a(_mul_sf.o) (__prologue_saves__)
c:/winavr/bin/../lib/gcc/avr/4.3.3/avr51\libgcc.a(_epilogue.o)
                              c:/winavr/bin/../lib/gcc/avr/4.3.3/avr51\libgcc.a(_mul_sf.o) (__epilogue_restores__)
c:/winavr/bin/../lib/gcc/avr/4.3.3/avr51\libgcc.a(_clzsi2.o)
                              c:/winavr/bin/../lib/gcc/avr/4.3.3/avr51\libgcc.a(_usi_to_sf.o) (__clzsi2)
c:/winavr/bin/../lib/gcc/avr/4.3.3/avr51\libgcc.a(_pack_sf.o)
                              c:/winavr/bin/../lib/gcc/avr/4.3.3/avr51\libgcc.a(_mul_sf.o) (__pack_f)
c:/winavr/bin/../lib/gcc/avr/4.3.3/avr51\libgcc.a(_unpack_sf.o)
                              c:/winavr/bin/../lib/gcc/avr/4.3.3/avr51\libgcc.a(_mul_sf.o) (__unpack_f)
c:/winavr/bin/../lib/gcc/avr/4.3.3/avr51\libgcc.a(_clz.o)
                              c:/winavr/bin/../lib/gcc/avr/4.3.3/avr51\libgcc.a(_clzsi2.o) (__clz_tab)
c:/winavr/bin/../lib/gcc/avr/4.3.3/../../../../avr/lib/avr51\libc.a(ftoa_engine.o)
                              c:/winavr/bin/../lib/gcc/avr/4.3.3/../../../../avr/lib/avr51\libprintf_flt.a(vfprintf_flt.o) (__ftoa_engine)
c:/winavr/bin/../lib/gcc/avr/4.3.3/../../../../avr/lib/avr51\libc.a(strnlen_P.o)
                              c:/winavr/bin/../lib/gcc/avr/4.3.3/../../../../avr/lib/avr51\libprintf_flt.a(vfprintf_flt.o) (strnlen_P)
c:/winavr/bin/../lib/gcc/avr/4.3.3/../../../../avr/lib/avr51\libc.a(strnlen.o)
                              c:/winavr/bin/../lib/gcc/avr/4.3.3/../../../../avr/lib/avr51\libprintf_flt.a(vfprintf_flt.o) (strnlen)
c:/winavr/bin/../lib/gcc/avr/4.3.3/../../../../avr/lib/avr51\libc.a(fputc.o)
                              c:/winavr/bin/../lib/gcc/avr/4.3.3/../../../../avr/lib/avr51\libprintf_flt.a(vfprintf_flt.o) (fputc)
c:/winavr/bin/../lib/gcc/avr/4.3.3/../../../../avr/lib/avr51\libc.a(sprintf.o)
                              obj\Release\display.o (sprintf)
c:/winavr/bin/../lib/gcc/avr/4.3.3/../../../../avr/lib/avr51\libc.a(ultoa_invert.o)
                              c:/winavr/bin/../lib/gcc/avr/4.3.3/../../../../avr/lib/avr51\libprintf_flt.a(vfprintf_flt.o) (__ultoa_invert)

Allocating common symbols
Common symbol       size              file

LCD_currentX        0x1               obj\Release\lcd_driver_KS0107.o
text                0xa               obj\Release\display.o
text_battery        0x8               obj\Release\display.o
LCD_currentY        0x1               obj\Release\lcd_driver_KS0107.o

Memory Configuration

Name             Origin             Length             Attributes
text             0x00000000         0x00020000         xr
data             0x00800060         0x0000ffa0         rw !x
eeprom           0x00810000         0x00010000         rw !x
fuse             0x00820000         0x00000400         rw !x
lock             0x00830000         0x00000400         rw !x
signature        0x00840000         0x00000400         rw !x
*default*        0x00000000         0xffffffff

Linker script and memory map

Address of section .data set to 0x800100
LOAD c:/winavr/bin/../lib/gcc/avr/4.3.3/../../../../avr/lib/avr51/crtm128.o
LOAD obj\Release\config.o
LOAD obj\Release\core.o
LOAD obj\Release\display.o
LOAD obj\Release\lcd_driver_KS0107.o
LOAD obj\Release\lcd_graphics.o
LOAD obj\Release\main.o
LOAD c:/winavr/bin/../lib/gcc/avr/4.3.3/../../../../avr/lib/avr51\libprintf_flt.a
LOAD c:/winavr/bin/../lib/gcc/avr/4.3.3/avr51\libgcc.a
LOAD c:/winavr/bin/../lib/gcc/avr/4.3.3/../../../../avr/lib/avr51\libm.a
LOAD c:/winavr/bin/../lib/gcc/avr/4.3.3/avr51\libgcc.a
LOAD c:/winavr/bin/../lib/gcc/avr/4.3.3/../../../../avr/lib/avr51\libc.a
LOAD c:/winavr/bin/../lib/gcc/avr/4.3.3/avr51\libgcc.a

.hash
 *(.hash)

.dynsym
 *(.dynsym)

.dynstr
 *(.dynstr)

.gnu.version
 *(.gnu.version)

.gnu.version_d
 *(.gnu.version_d)

.gnu.version_r
 *(.gnu.version_r)

.rel.init
 *(.rel.init)

.rela.init
 *(.rela.init)

.rel.text
 *(.rel.text)
 *(.rel.text.*)
 *(.rel.gnu.linkonce.t*)

.rela.text
 *(.rela.text)
 *(.rela.text.*)
 *(.rela.gnu.linkonce.t*)

.rel.fini
 *(.rel.fini)

.rela.fini
 *(.rela.fini)

.rel.rodata
 *(.rel.rodata)
 *(.rel.rodata.*)
 *(.rel.gnu.linkonce.r*)

.rela.rodata
 *(.rela.rodata)
 *(.rela.rodata.*)
 *(.rela.gnu.linkonce.r*)

.rel.data
 *(.rel.data)
 *(.rel.data.*)
 *(.rel.gnu.linkonce.d*)

.rela.data
 *(.rela.data)
 *(.rela.data.*)
 *(.rela.gnu.linkonce.d*)

.rel.ctors
 *(.rel.ctors)

.rela.ctors
 *(.rela.ctors)

.rel.dtors
 *(.rel.dtors)

.rela.dtors
 *(.rela.dtors)

.rel.got
 *(.rel.got)

.rela.got
 *(.rela.got)

.rel.bss
 *(.rel.bss)

.rela.bss
 *(.rela.bss)

.rel.plt
 *(.rel.plt)

.rela.plt
 *(.rela.plt)

.text           0x00000000     0x30bc
 *(.vectors)
 .vectors       0x00000000       0x8c c:/winavr/bin/../lib/gcc/avr/4.3.3/../../../../avr/lib/avr51/crtm128.o
                0x00000000                __vectors
                0x00000000                __vector_default
 *(.vectors)
 *(.progmem.gcc*)
 *(.progmem*)
 .progmem.data  0x0000008c      0x534 obj\Release\display.o
 .progmem.data  0x000005c0      0x1e0 obj\Release\lcd_driver_KS0107.o
 .progmem.data  0x000007a0        0x8 c:/winavr/bin/../lib/gcc/avr/4.3.3/../../../../avr/lib/avr51\libprintf_flt.a(vfprintf_flt.o)
 .progmem.data  0x000007a8       0xfa c:/winavr/bin/../lib/gcc/avr/4.3.3/../../../../avr/lib/avr51\libc.a(ftoa_engine.o)
                0x000008a2                . = ALIGN (0x2)
                0x000008a2                __trampolines_start = .
 *(.trampolines)
 .trampolines   0x000008a2        0x0 linker stubs
 *(.trampolines*)
                0x000008a2                __trampolines_end = .
 *(.jumptables)
 *(.jumptables*)
 *(.lowtext)
 *(.lowtext*)
                0x000008a2                __ctors_start = .
 *(.ctors)
                0x000008a2                __ctors_end = .
                0x000008a2                __dtors_start = .
 *(.dtors)
                0x000008a2                __dtors_end = .
 SORT(*)(.ctors)
 SORT(*)(.dtors)
 *(.init0)
 .init0         0x000008a2        0x0 c:/winavr/bin/../lib/gcc/avr/4.3.3/../../../../avr/lib/avr51/crtm128.o
                0x000008a2                __init
 *(.init0)
 *(.init1)
 *(.init1)
 *(.init2)
 .init2         0x000008a2        0xc c:/winavr/bin/../lib/gcc/avr/4.3.3/../../../../avr/lib/avr51/crtm128.o
 *(.init2)
 *(.init3)
 *(.init3)
 *(.init4)
 .init4         0x000008ae       0x1a c:/winavr/bin/../lib/gcc/avr/4.3.3/../../../../avr/lib/avr51/crtm128.o
                0x000008ae                __do_copy_data
 .init4         0x000008c8       0x10 c:/winavr/bin/../lib/gcc/avr/4.3.3/avr51\libgcc.a(_clear_bss.o)
                0x000008c8                __do_clear_bss
 *(.init4)
 *(.init5)
 *(.init5)
 *(.init6)
 *(.init6)
 *(.init7)
 *(.init7)
 *(.init8)
 *(.init8)
 *(.init9)
 .init9         0x000008d8        0x8 c:/winavr/bin/../lib/gcc/avr/4.3.3/../../../../avr/lib/avr51/crtm128.o
 *(.init9)
 *(.text)
 .text          0x000008e0        0x4 c:/winavr/bin/../lib/gcc/avr/4.3.3/../../../../avr/lib/avr51/crtm128.o
                0x000008e0                __vector_22
                0x000008e0                __vector_28
                0x000008e0                __vector_1
                0x000008e0                __vector_32
                0x000008e0                __vector_34
                0x000008e0                __vector_24
                0x000008e0                __bad_interrupt
                0x000008e0                __vector_31
                0x000008e0                __vector_3
                0x000008e0                __vector_23
                0x000008e0                __vector_30
                0x000008e0                __vector_25
                0x000008e0                __vector_11
                0x000008e0                __vector_13
                0x000008e0                __vector_17
                0x000008e0                __vector_19
                0x000008e0                __vector_7
                0x000008e0                __vector_27
                0x000008e0                __vector_5
                0x000008e0                __vector_33
                0x000008e0                __vector_4
                0x000008e0                __vector_9
                0x000008e0                __vector_2
                0x000008e0                __vector_21
                0x000008e0                __vector_15
                0x000008e0                __vector_29
                0x000008e0                __vector_8
                0x000008e0                __vector_14
                0x000008e0                __vector_10
                0x000008e0                __vector_16
                0x000008e0                __vector_18
                0x000008e0                __vector_20
 .text          0x000008e4        0x0 obj\Release\config.o
 .text          0x000008e4      0x41a obj\Release\core.o
                0x00000952                analog_init
                0x00000ae8                check_fan
                0x00000c7a                __vector_12
                0x00000908                ports_init
                0x00000b54                __vector_6
                0x00000ad2                adc_check_battery
                0x00000bcc                check_doors_indicator
                0x00000c56                check_parklight
                0x00000b0c                check_oil
                0x00000ba8                check_alternator
                0x00000b30                check_handbrake
                0x00000a9a                adc_check_cts
                0x00000996                read_values
                0x00000bfa                check_doors
                0x000009f0                read_last_values
                0x000008e4                __vector_26
                0x00000964                adc_read_values
                0x00000918                interrupts_init
                0x00000a62                adc_check_lpg_level
 .text          0x00000cfe      0x404 obj\Release\display.o
                0x00000efe                gui_fan
                0x00000d00                gui_mainstream
                0x00000f76                gui_handbrake
                0x00000cfe                gui_logo
                0x00000d02                gui_lpg_level
                0x00001066                gui_init
                0x00000d6c                gui_cts
                0x00000fee                gui_door_open
                0x00000dd6                gui_battery_voltage
                0x00000e88                gui_test
                0x0000102a                gui_parklight
                0x00000fb2                gui_alternator
                0x00000f3a                gui_oil
 .text          0x00001102      0x420 obj\Release\lcd_driver_KS0107.o
                0x0000127a                LCD_putchar
                0x0000119e                LCD_isOff
                0x0000112c                LCD_setInitialLineAddress
                0x00001444                LCD_allPagesOn
                0x00001102                LCD_wait_execution
                0x000011b2                LCD_isBusy
                0x000013a2                LCD_invertPixel
                0x000014e0                LCD_init
                0x0000123a                LCD_readByte
                0x000013f6                LCD_pixelOff
                0x00001168                LCD_readStatus
                0x0000136e                LCD_invertPage
                0x0000147a                LCD_putsp
                0x0000150c                LCD_off
                0x0000118a                LCD_isReseting
                0x000012d4                LCD_puts
                0x00001472                LCD_clr
                0x00001154                LCD_selectChip
                0x0000113c                LCD_setColumnAddress
                0x000011be                LCD_wait_busy
                0x000014ca                LCD_on
                0x0000141e                LCD_pixelOn
                0x0000133e                LCD_offPage
                0x000011fa                _LCD_readByte
                0x000011ce                LCD_setCursorXY
                0x000014c4                LCD_selectRightChip
                0x000014be                LCD_selectLeftChip
                0x00001134                LCD_setPageAddress
                0x00001244                LCD_writeByte
                0x0000130e                LCD_onPage
                0x00001118                LCD_sendCommand
 .text          0x00001522      0x8a0 obj\Release\lcd_graphics.o
                0x00001cb6                LCD_copyPixelTo
                0x0000176c                LCD_invertLine
                0x00001a72                LCD_putgstr
                0x000018ca                LCD_fillCirc
                0x00001522                _LCD_absDiff
                0x00001c50                LCD_copyPageTo
                0x0000166e                LCD_invertRect
                0x00001d06                LCD_drawBMP
                0x000017e6                _LCD_doCirc
                0x0000177e                LCD_clearLine
                0x00001b22                LCD_drawCirc
                0x00001acc                LCD_drawFullBMP
                0x00001690                _LCD_doLine
                0x00001530                _LCD_doRect
                0x00001790                LCD_drawLine
                0x000017a2                LCD_drawRect
                0x00001bfc                LCD_writeByteXY
                0x000018d4                LCD_putgchar
                0x000018c0                LCD_clearCirc
                0x0000164c                LCD_clearRect
                0x0000162a                LCD_fillRect
 .text          0x00001dc2       0x12 obj\Release\main.o
                0x00001dc2                main
 .text          0x00001dd4        0x0 c:/winavr/bin/../lib/gcc/avr/4.3.3/../../../../avr/lib/avr51\libprintf_flt.a(vfprintf_flt.o)
 .text          0x00001dd4        0x0 c:/winavr/bin/../lib/gcc/avr/4.3.3/avr51\libgcc.a(_divmodhi4.o)
 .text          0x00001dd4        0x0 c:/winavr/bin/../lib/gcc/avr/4.3.3/avr51\libgcc.a(_exit.o)
 .text          0x00001dd4        0x0 c:/winavr/bin/../lib/gcc/avr/4.3.3/avr51\libgcc.a(_clear_bss.o)
 .text          0x00001dd4      0x1f4 c:/winavr/bin/../lib/gcc/avr/4.3.3/avr51\libgcc.a(_mul_sf.o)
                0x00001dd4                __mulsf3
 .text          0x00001fc8      0x158 c:/winavr/bin/../lib/gcc/avr/4.3.3/avr51\libgcc.a(_div_sf.o)
                0x00001fc8                __divsf3
 .text          0x00002120        0x0 c:/winavr/bin/../lib/gcc/avr/4.3.3/avr51\libgcc.a(_thenan_sf.o)
 .text          0x00002120       0xf2 c:/winavr/bin/../lib/gcc/avr/4.3.3/avr51\libgcc.a(_usi_to_sf.o)
                0x00002120                __floatunsisf
 .text          0x00002212        0x0 c:/winavr/bin/../lib/gcc/avr/4.3.3/avr51\libgcc.a(_udivmodhi4.o)
 .text          0x00002212        0x0 c:/winavr/bin/../lib/gcc/avr/4.3.3/avr51\libgcc.a(_prologue.o)
 .text          0x00002212        0x0 c:/winavr/bin/../lib/gcc/avr/4.3.3/avr51\libgcc.a(_epilogue.o)
 .text          0x00002212       0x9e c:/winavr/bin/../lib/gcc/avr/4.3.3/avr51\libgcc.a(_clzsi2.o)
                0x00002212                __clzsi2
 .text          0x000022b0      0x1aa c:/winavr/bin/../lib/gcc/avr/4.3.3/avr51\libgcc.a(_pack_sf.o)
                0x000022b0                __pack_f
 .text          0x0000245a       0xf0 c:/winavr/bin/../lib/gcc/avr/4.3.3/avr51\libgcc.a(_unpack_sf.o)
                0x0000245a                __unpack_f
 .text          0x0000254a        0x0 c:/winavr/bin/../lib/gcc/avr/4.3.3/avr51\libgcc.a(_clz.o)
 .text          0x0000254a        0x0 c:/winavr/bin/../lib/gcc/avr/4.3.3/../../../../avr/lib/avr51\libc.a(ftoa_engine.o)
 .text          0x0000254a        0x0 c:/winavr/bin/../lib/gcc/avr/4.3.3/../../../../avr/lib/avr51\libc.a(strnlen_P.o)
 .text          0x0000254a        0x0 c:/winavr/bin/../lib/gcc/avr/4.3.3/../../../../avr/lib/avr51\libc.a(strnlen.o)
 .text          0x0000254a        0x0 c:/winavr/bin/../lib/gcc/avr/4.3.3/../../../../avr/lib/avr51\libc.a(fputc.o)
 .text          0x0000254a        0x0 c:/winavr/bin/../lib/gcc/avr/4.3.3/../../../../avr/lib/avr51\libc.a(sprintf.o)
 .text          0x0000254a        0x0 c:/winavr/bin/../lib/gcc/avr/4.3.3/../../../../avr/lib/avr51\libc.a(ultoa_invert.o)
                0x0000254a                . = ALIGN (0x2)
 *(.text.*)
 .text.avr-libc
                0x0000254a      0x760 c:/winavr/bin/../lib/gcc/avr/4.3.3/../../../../avr/lib/avr51\libprintf_flt.a(vfprintf_flt.o)
                0x0000254a                vfprintf
 .text.libgcc   0x00002caa       0x26 c:/winavr/bin/../lib/gcc/avr/4.3.3/avr51\libgcc.a(_divmodhi4.o)
                0x00002caa                __divmodhi4
                0x00002caa                _div
 .text.libgcc   0x00002cd0        0x0 c:/winavr/bin/../lib/gcc/avr/4.3.3/avr51\libgcc.a(_exit.o)
 .text.libgcc   0x00002cd0        0x0 c:/winavr/bin/../lib/gcc/avr/4.3.3/avr51\libgcc.a(_clear_bss.o)
 .text.libgcc   0x00002cd0       0x28 c:/winavr/bin/../lib/gcc/avr/4.3.3/avr51\libgcc.a(_udivmodhi4.o)
                0x00002cd0                __udivmodhi4
 .text.libgcc   0x00002cf8       0x38 c:/winavr/bin/../lib/gcc/avr/4.3.3/avr51\libgcc.a(_prologue.o)
                0x00002cf8                __prologue_saves__
 .text.libgcc   0x00002d30       0x36 c:/winavr/bin/../lib/gcc/avr/4.3.3/avr51\libgcc.a(_epilogue.o)
                0x00002d30                __epilogue_restores__
 .text.avr-libc
                0x00002d66      0x1b0 c:/winavr/bin/../lib/gcc/avr/4.3.3/../../../../avr/lib/avr51\libc.a(ftoa_engine.o)
                0x00002d66                __ftoa_engine
 .text.avr-libc
                0x00002f16       0x16 c:/winavr/bin/../lib/gcc/avr/4.3.3/../../../../avr/lib/avr51\libc.a(strnlen_P.o)
                0x00002f16                strnlen_P
 .text.avr-libc
                0x00002f2c       0x16 c:/winavr/bin/../lib/gcc/avr/4.3.3/../../../../avr/lib/avr51\libc.a(strnlen.o)
                0x00002f2c                strnlen
 .text.avr-libc
                0x00002f42       0x58 c:/winavr/bin/../lib/gcc/avr/4.3.3/../../../../avr/lib/avr51\libc.a(fputc.o)
                0x00002f42                fputc
 .text.avr-libc
                0x00002f9a       0x62 c:/winavr/bin/../lib/gcc/avr/4.3.3/../../../../avr/lib/avr51\libc.a(sprintf.o)
                0x00002f9a                sprintf
 .text.avr-libc
                0x00002ffc       0xbc c:/winavr/bin/../lib/gcc/avr/4.3.3/../../../../avr/lib/avr51\libc.a(ultoa_invert.o)
                0x00002ffc                __ultoa_invert
                0x000030b8                . = ALIGN (0x2)
 *(.fini9)
 .fini9         0x000030b8        0x0 c:/winavr/bin/../lib/gcc/avr/4.3.3/avr51\libgcc.a(_exit.o)
                0x000030b8                exit
                0x000030b8                _exit
 *(.fini9)
 *(.fini8)
 *(.fini8)
 *(.fini7)
 *(.fini7)
 *(.fini6)
 *(.fini6)
 *(.fini5)
 *(.fini5)
 *(.fini4)
 *(.fini4)
 *(.fini3)
 *(.fini3)
 *(.fini2)
 *(.fini2)
 *(.fini1)
 *(.fini1)
 *(.fini0)
 .fini0         0x000030b8        0x4 c:/winavr/bin/../lib/gcc/avr/4.3.3/avr51\libgcc.a(_exit.o)
 *(.fini0)
                0x000030bc                _etext = .

.data           0x00800100      0x852 load address 0x000030bc
                0x00800100                PROVIDE (__data_start, .)
 *(.data)
 .data          0x00800100        0x0 c:/winavr/bin/../lib/gcc/avr/4.3.3/../../../../avr/lib/avr51/crtm128.o
 .data          0x00800100        0x0 obj\Release\config.o
 .data          0x00800100        0x9 obj\Release\core.o
                0x00800101                val_frontright_last
                0x00800104                val_baggage_last
                0x00800107                val_fan_last
                0x00800105                val_alternator_last
                0x00800108                val_ignition_last
                0x00800103                val_backright_last
                0x00800106                val_oil_last
                0x00800102                val_backleft_last
                0x00800100                val_frontleft_last
 .data          0x00800109      0x740 obj\Release\display.o
                0x00800611                car
                0x00800599                park
                0x00800809                fan
                0x008005d5                light
                0x0080072d                swift
                0x0080055d                door
                0x00800521                battery
                0x00800845                a
                0x008007cd                oil
                0x00800121                logo
 .data          0x00800849        0x0 obj\Release\lcd_driver_KS0107.o
 .data          0x00800849        0x0 obj\Release\lcd_graphics.o
 .data          0x00800849        0x0 obj\Release\main.o
 .data          0x00800849        0x0 c:/winavr/bin/../lib/gcc/avr/4.3.3/../../../../avr/lib/avr51\libprintf_flt.a(vfprintf_flt.o)
 .data          0x00800849        0x0 c:/winavr/bin/../lib/gcc/avr/4.3.3/avr51\libgcc.a(_divmodhi4.o)
 .data          0x00800849        0x0 c:/winavr/bin/../lib/gcc/avr/4.3.3/avr51\libgcc.a(_exit.o)
 .data          0x00800849        0x0 c:/winavr/bin/../lib/gcc/avr/4.3.3/avr51\libgcc.a(_clear_bss.o)
 .data          0x00800849        0x0 c:/winavr/bin/../lib/gcc/avr/4.3.3/avr51\libgcc.a(_mul_sf.o)
 .data          0x00800849        0x0 c:/winavr/bin/../lib/gcc/avr/4.3.3/avr51\libgcc.a(_div_sf.o)
 .data          0x00800849        0x8 c:/winavr/bin/../lib/gcc/avr/4.3.3/avr51\libgcc.a(_thenan_sf.o)
                0x00800849                __thenan_sf
 .data          0x00800851        0x0 c:/winavr/bin/../lib/gcc/avr/4.3.3/avr51\libgcc.a(_usi_to_sf.o)
 .data          0x00800851        0x0 c:/winavr/bin/../lib/gcc/avr/4.3.3/avr51\libgcc.a(_udivmodhi4.o)
 .data          0x00800851        0x0 c:/winavr/bin/../lib/gcc/avr/4.3.3/avr51\libgcc.a(_prologue.o)
 .data          0x00800851        0x0 c:/winavr/bin/../lib/gcc/avr/4.3.3/avr51\libgcc.a(_epilogue.o)
 .data          0x00800851        0x0 c:/winavr/bin/../lib/gcc/avr/4.3.3/avr51\libgcc.a(_clzsi2.o)
 .data          0x00800851        0x0 c:/winavr/bin/../lib/gcc/avr/4.3.3/avr51\libgcc.a(_pack_sf.o)
 .data          0x00800851        0x0 c:/winavr/bin/../lib/gcc/avr/4.3.3/avr51\libgcc.a(_unpack_sf.o)
 .data          0x00800851      0x100 c:/winavr/bin/../lib/gcc/avr/4.3.3/avr51\libgcc.a(_clz.o)
                0x00800851                __clz_tab
 .data          0x00800951        0x0 c:/winavr/bin/../lib/gcc/avr/4.3.3/../../../../avr/lib/avr51\libc.a(ftoa_engine.o)
 .data          0x00800951        0x0 c:/winavr/bin/../lib/gcc/avr/4.3.3/../../../../avr/lib/avr51\libc.a(strnlen_P.o)
 .data          0x00800951        0x0 c:/winavr/bin/../lib/gcc/avr/4.3.3/../../../../avr/lib/avr51\libc.a(strnlen.o)
 .data          0x00800951        0x0 c:/winavr/bin/../lib/gcc/avr/4.3.3/../../../../avr/lib/avr51\libc.a(fputc.o)
 .data          0x00800951        0x0 c:/winavr/bin/../lib/gcc/avr/4.3.3/../../../../avr/lib/avr51\libc.a(sprintf.o)
 .data          0x00800951        0x0 c:/winavr/bin/../lib/gcc/avr/4.3.3/../../../../avr/lib/avr51\libc.a(ultoa_invert.o)
 *(.data*)
 *(.rodata)
 *(.rodata*)
 *(.gnu.linkonce.d*)
                0x00800952                . = ALIGN (0x2)
 *fill*         0x00800951        0x1 00
                0x00800952                _edata = .
                0x00800952                PROVIDE (__data_end, .)

.bss            0x00800952       0x32
                0x00800952                PROVIDE (__bss_start, .)
 *(.bss)
 .bss           0x00800952        0x0 c:/winavr/bin/../lib/gcc/avr/4.3.3/../../../../avr/lib/avr51/crtm128.o
 .bss           0x00800952        0x0 obj\Release\config.o
 .bss           0x00800952       0x1e obj\Release\core.o
                0x00800962                adc_cts_last
                0x00800955                val_frontright
                0x0080095a                val_oil
                0x00800964                adc_lpg_level_last
                0x0080095d                val_fan
                0x00800958                val_baggage
                0x0080095c                val_handbrake_last
                0x00800961                adc_cts
                0x0080095e                val_ignition
                0x00800967                flag_frontright_update
                0x00800966                flag_frontleft_update
                0x0080096e                flag_fan_update
                0x00800957                val_backright
                0x00800965                flag_parklight_update
                0x0080096b                flag_alternator_update
                0x00800960                adc_battery_last
                0x0080095f                adc_battery
                0x0080096f                flag_ignition_update
                0x00800969                flag_backright_update
                0x0080096d                flag_handbrake_update
                0x00800963                adc_lpg_level
                0x00800953                val_parklight_last
                0x00800954                val_frontleft
                0x0080095b                val_handbrake
                0x0080096a                flag_baggage_update
                0x00800956                val_backleft
                0x00800952                val_parklight
                0x0080096c                flag_oil_update
                0x00800968                flag_backleft_update
                0x00800959                val_alternator
 .bss           0x00800970        0x0 obj\Release\display.o
 .bss           0x00800970        0x0 obj\Release\lcd_driver_KS0107.o
 .bss           0x00800970        0x0 obj\Release\lcd_graphics.o
 .bss           0x00800970        0x0 obj\Release\main.o
 .bss           0x00800970        0x0 c:/winavr/bin/../lib/gcc/avr/4.3.3/../../../../avr/lib/avr51\libprintf_flt.a(vfprintf_flt.o)
 .bss           0x00800970        0x0 c:/winavr/bin/../lib/gcc/avr/4.3.3/avr51\libgcc.a(_divmodhi4.o)
 .bss           0x00800970        0x0 c:/winavr/bin/../lib/gcc/avr/4.3.3/avr51\libgcc.a(_exit.o)
 .bss           0x00800970        0x0 c:/winavr/bin/../lib/gcc/avr/4.3.3/avr51\libgcc.a(_clear_bss.o)
 .bss           0x00800970        0x0 c:/winavr/bin/../lib/gcc/avr/4.3.3/avr51\libgcc.a(_mul_sf.o)
 .bss           0x00800970        0x0 c:/winavr/bin/../lib/gcc/avr/4.3.3/avr51\libgcc.a(_div_sf.o)
 .bss           0x00800970        0x0 c:/winavr/bin/../lib/gcc/avr/4.3.3/avr51\libgcc.a(_thenan_sf.o)
 .bss           0x00800970        0x0 c:/winavr/bin/../lib/gcc/avr/4.3.3/avr51\libgcc.a(_usi_to_sf.o)
 .bss           0x00800970        0x0 c:/winavr/bin/../lib/gcc/avr/4.3.3/avr51\libgcc.a(_udivmodhi4.o)
 .bss           0x00800970        0x0 c:/winavr/bin/../lib/gcc/avr/4.3.3/avr51\libgcc.a(_prologue.o)
 .bss           0x00800970        0x0 c:/winavr/bin/../lib/gcc/avr/4.3.3/avr51\libgcc.a(_epilogue.o)
 .bss           0x00800970        0x0 c:/winavr/bin/../lib/gcc/avr/4.3.3/avr51\libgcc.a(_clzsi2.o)
 .bss           0x00800970        0x0 c:/winavr/bin/../lib/gcc/avr/4.3.3/avr51\libgcc.a(_pack_sf.o)
 .bss           0x00800970        0x0 c:/winavr/bin/../lib/gcc/avr/4.3.3/avr51\libgcc.a(_unpack_sf.o)
 .bss           0x00800970        0x0 c:/winavr/bin/../lib/gcc/avr/4.3.3/avr51\libgcc.a(_clz.o)
 .bss           0x00800970        0x0 c:/winavr/bin/../lib/gcc/avr/4.3.3/../../../../avr/lib/avr51\libc.a(ftoa_engine.o)
 .bss           0x00800970        0x0 c:/winavr/bin/../lib/gcc/avr/4.3.3/../../../../avr/lib/avr51\libc.a(strnlen_P.o)
 .bss           0x00800970        0x0 c:/winavr/bin/../lib/gcc/avr/4.3.3/../../../../avr/lib/avr51\libc.a(strnlen.o)
 .bss           0x00800970        0x0 c:/winavr/bin/../lib/gcc/avr/4.3.3/../../../../avr/lib/avr51\libc.a(fputc.o)
 .bss           0x00800970        0x0 c:/winavr/bin/../lib/gcc/avr/4.3.3/../../../../avr/lib/avr51\libc.a(sprintf.o)
 .bss           0x00800970        0x0 c:/winavr/bin/../lib/gcc/avr/4.3.3/../../../../avr/lib/avr51\libc.a(ultoa_invert.o)
 *(.bss*)
 *(COMMON)
 COMMON         0x00800970       0x12 obj\Release\display.o
                0x00800970                text
                0x0080097a                text_battery
 COMMON         0x00800982        0x2 obj\Release\lcd_driver_KS0107.o
                0x00800982                LCD_currentX
                0x00800983                LCD_currentY
                0x00800984                PROVIDE (__bss_end, .)
                0x000030bc                __data_load_start = LOADADDR (.data)
                0x0000390e                __data_load_end = (__data_load_start + SIZEOF (.data))

.noinit         0x00800984        0x0
                0x00800984                PROVIDE (__noinit_start, .)
 *(.noinit*)
                0x00800984                PROVIDE (__noinit_end, .)
                0x00800984                _end = .
                0x00800984                PROVIDE (__heap_start, .)

.eeprom         0x00810000        0x0
 *(.eeprom*)
                0x00810000                __eeprom_end = .

.fuse
 *(.fuse)
 *(.lfuse)
 *(.hfuse)
 *(.efuse)

.lock
 *(.lock*)

.signature
 *(.signature*)

.stab
 *(.stab)

.stabstr
 *(.stabstr)

.stab.excl
 *(.stab.excl)

.stab.exclstr
 *(.stab.exclstr)

.stab.index
 *(.stab.index)

.stab.indexstr
 *(.stab.indexstr)

.comment
 *(.comment)

.debug
 *(.debug)

.line
 *(.line)

.debug_srcinfo
 *(.debug_srcinfo)

.debug_sfnames
 *(.debug_sfnames)

.debug_aranges  0x00000000       0xc0
 *(.debug_aranges)
 .debug_aranges
                0x00000000       0x20 c:/winavr/bin/../lib/gcc/avr/4.3.3/avr51\libgcc.a(_mul_sf.o)
 .debug_aranges
                0x00000020       0x20 c:/winavr/bin/../lib/gcc/avr/4.3.3/avr51\libgcc.a(_div_sf.o)
 .debug_aranges
                0x00000040       0x20 c:/winavr/bin/../lib/gcc/avr/4.3.3/avr51\libgcc.a(_usi_to_sf.o)
 .debug_aranges
                0x00000060       0x20 c:/winavr/bin/../lib/gcc/avr/4.3.3/avr51\libgcc.a(_clzsi2.o)
 .debug_aranges
                0x00000080       0x20 c:/winavr/bin/../lib/gcc/avr/4.3.3/avr51\libgcc.a(_pack_sf.o)
 .debug_aranges
                0x000000a0       0x20 c:/winavr/bin/../lib/gcc/avr/4.3.3/avr51\libgcc.a(_unpack_sf.o)

.debug_pubnames
                0x00000000      0x103
 *(.debug_pubnames)
 .debug_pubnames
                0x00000000       0x1f c:/winavr/bin/../lib/gcc/avr/4.3.3/avr51\libgcc.a(_mul_sf.o)
 .debug_pubnames
                0x0000001f       0x1f c:/winavr/bin/../lib/gcc/avr/4.3.3/avr51\libgcc.a(_div_sf.o)
 .debug_pubnames
                0x0000003e       0x22 c:/winavr/bin/../lib/gcc/avr/4.3.3/avr51\libgcc.a(_thenan_sf.o)
 .debug_pubnames
                0x00000060       0x24 c:/winavr/bin/../lib/gcc/avr/4.3.3/avr51\libgcc.a(_usi_to_sf.o)
 .debug_pubnames
                0x00000084       0x1f c:/winavr/bin/../lib/gcc/avr/4.3.3/avr51\libgcc.a(_clzsi2.o)
 .debug_pubnames
                0x000000a3       0x1f c:/winavr/bin/../lib/gcc/avr/4.3.3/avr51\libgcc.a(_pack_sf.o)
 .debug_pubnames
                0x000000c2       0x21 c:/winavr/bin/../lib/gcc/avr/4.3.3/avr51\libgcc.a(_unpack_sf.o)
 .debug_pubnames
                0x000000e3       0x20 c:/winavr/bin/../lib/gcc/avr/4.3.3/avr51\libgcc.a(_clz.o)

.debug_info     0x00000000     0x12a3
 *(.debug_info)
 .debug_info    0x00000000      0x485 c:/winavr/bin/../lib/gcc/avr/4.3.3/avr51\libgcc.a(_mul_sf.o)
 .debug_info    0x00000485      0x3fc c:/winavr/bin/../lib/gcc/avr/4.3.3/avr51\libgcc.a(_div_sf.o)
 .debug_info    0x00000881      0x12c c:/winavr/bin/../lib/gcc/avr/4.3.3/avr51\libgcc.a(_thenan_sf.o)
 .debug_info    0x000009ad      0x206 c:/winavr/bin/../lib/gcc/avr/4.3.3/avr51\libgcc.a(_usi_to_sf.o)
 .debug_info    0x00000bb3      0x117 c:/winavr/bin/../lib/gcc/avr/4.3.3/avr51\libgcc.a(_clzsi2.o)
 .debug_info    0x00000cca      0x2df c:/winavr/bin/../lib/gcc/avr/4.3.3/avr51\libgcc.a(_pack_sf.o)
 .debug_info    0x00000fa9      0x251 c:/winavr/bin/../lib/gcc/avr/4.3.3/avr51\libgcc.a(_unpack_sf.o)
 .debug_info    0x000011fa       0xa9 c:/winavr/bin/../lib/gcc/avr/4.3.3/avr51\libgcc.a(_clz.o)
 *(.gnu.linkonce.wi.*)

.debug_abbrev   0x00000000      0xa77
 *(.debug_abbrev)
 .debug_abbrev  0x00000000      0x21b c:/winavr/bin/../lib/gcc/avr/4.3.3/avr51\libgcc.a(_mul_sf.o)
 .debug_abbrev  0x0000021b      0x216 c:/winavr/bin/../lib/gcc/avr/4.3.3/avr51\libgcc.a(_div_sf.o)
 .debug_abbrev  0x00000431       0xad c:/winavr/bin/../lib/gcc/avr/4.3.3/avr51\libgcc.a(_thenan_sf.o)
 .debug_abbrev  0x000004de      0x157 c:/winavr/bin/../lib/gcc/avr/4.3.3/avr51\libgcc.a(_usi_to_sf.o)
 .debug_abbrev  0x00000635       0xc4 c:/winavr/bin/../lib/gcc/avr/4.3.3/avr51\libgcc.a(_clzsi2.o)
 .debug_abbrev  0x000006f9      0x1c0 c:/winavr/bin/../lib/gcc/avr/4.3.3/avr51\libgcc.a(_pack_sf.o)
 .debug_abbrev  0x000008b9      0x154 c:/winavr/bin/../lib/gcc/avr/4.3.3/avr51\libgcc.a(_unpack_sf.o)
 .debug_abbrev  0x00000a0d       0x6a c:/winavr/bin/../lib/gcc/avr/4.3.3/avr51\libgcc.a(_clz.o)

.debug_line     0x00000000      0x9c7
 *(.debug_line)
 .debug_line    0x00000000      0x239 c:/winavr/bin/../lib/gcc/avr/4.3.3/avr51\libgcc.a(_mul_sf.o)
 .debug_line    0x00000239      0x1d5 c:/winavr/bin/../lib/gcc/avr/4.3.3/avr51\libgcc.a(_div_sf.o)
 .debug_line    0x0000040e       0x90 c:/winavr/bin/../lib/gcc/avr/4.3.3/avr51\libgcc.a(_thenan_sf.o)
 .debug_line    0x0000049e      0x133 c:/winavr/bin/../lib/gcc/avr/4.3.3/avr51\libgcc.a(_usi_to_sf.o)
 .debug_line    0x000005d1       0xa5 c:/winavr/bin/../lib/gcc/avr/4.3.3/avr51\libgcc.a(_clzsi2.o)
 .debug_line    0x00000676      0x18a c:/winavr/bin/../lib/gcc/avr/4.3.3/avr51\libgcc.a(_pack_sf.o)
 .debug_line    0x00000800      0x14b c:/winavr/bin/../lib/gcc/avr/4.3.3/avr51\libgcc.a(_unpack_sf.o)
 .debug_line    0x0000094b       0x7c c:/winavr/bin/../lib/gcc/avr/4.3.3/avr51\libgcc.a(_clz.o)

.debug_frame    0x00000000       0xc0
 *(.debug_frame)
 .debug_frame   0x00000000       0x20 c:/winavr/bin/../lib/gcc/avr/4.3.3/avr51\libgcc.a(_mul_sf.o)
 .debug_frame   0x00000020       0x20 c:/winavr/bin/../lib/gcc/avr/4.3.3/avr51\libgcc.a(_div_sf.o)
 .debug_frame   0x00000040       0x20 c:/winavr/bin/../lib/gcc/avr/4.3.3/avr51\libgcc.a(_usi_to_sf.o)
 .debug_frame   0x00000060       0x20 c:/winavr/bin/../lib/gcc/avr/4.3.3/avr51\libgcc.a(_clzsi2.o)
 .debug_frame   0x00000080       0x20 c:/winavr/bin/../lib/gcc/avr/4.3.3/avr51\libgcc.a(_pack_sf.o)
 .debug_frame   0x000000a0       0x20 c:/winavr/bin/../lib/gcc/avr/4.3.3/avr51\libgcc.a(_unpack_sf.o)

.debug_str      0x00000000      0x265
 *(.debug_str)
 .debug_str     0x00000000      0x173 c:/winavr/bin/../lib/gcc/avr/4.3.3/avr51\libgcc.a(_mul_sf.o)
                                0x1c0 (size before relaxing)
 .debug_str     0x00000173       0x35 c:/winavr/bin/../lib/gcc/avr/4.3.3/avr51\libgcc.a(_div_sf.o)
                                0x1c9 (size before relaxing)
 .debug_str     0x00000000      0x104 c:/winavr/bin/../lib/gcc/avr/4.3.3/avr51\libgcc.a(_thenan_sf.o)
 .debug_str     0x000001a8       0x21 c:/winavr/bin/../lib/gcc/avr/4.3.3/avr51\libgcc.a(_usi_to_sf.o)
                                0x178 (size before relaxing)
 .debug_str     0x000001c9       0x81 c:/winavr/bin/../lib/gcc/avr/4.3.3/avr51\libgcc.a(_clzsi2.o)
                                0x112 (size before relaxing)
 .debug_str     0x0000024a       0x10 c:/winavr/bin/../lib/gcc/avr/4.3.3/avr51\libgcc.a(_pack_sf.o)
                                0x19e (size before relaxing)
 .debug_str     0x0000025a        0xb c:/winavr/bin/../lib/gcc/avr/4.3.3/avr51\libgcc.a(_unpack_sf.o)
                                0x180 (size before relaxing)
 .debug_str     0x00000000       0xf5 c:/winavr/bin/../lib/gcc/avr/4.3.3/avr51\libgcc.a(_clz.o)

.debug_loc      0x00000000      0x48e
 *(.debug_loc)
 .debug_loc     0x00000000      0x104 c:/winavr/bin/../lib/gcc/avr/4.3.3/avr51\libgcc.a(_mul_sf.o)
 .debug_loc     0x00000104       0xc0 c:/winavr/bin/../lib/gcc/avr/4.3.3/avr51\libgcc.a(_div_sf.o)
 .debug_loc     0x000001c4       0x4c c:/winavr/bin/../lib/gcc/avr/4.3.3/avr51\libgcc.a(_usi_to_sf.o)
 .debug_loc     0x00000210       0x94 c:/winavr/bin/../lib/gcc/avr/4.3.3/avr51\libgcc.a(_clzsi2.o)
 .debug_loc     0x000002a4      0x13e c:/winavr/bin/../lib/gcc/avr/4.3.3/avr51\libgcc.a(_pack_sf.o)
 .debug_loc     0x000003e2       0xac c:/winavr/bin/../lib/gcc/avr/4.3.3/avr51\libgcc.a(_unpack_sf.o)

.debug_macinfo
 *(.debug_macinfo)
OUTPUT(bin\Release\ecu.elf elf32-avr)
LOAD linker stubs

.debug_ranges   0x00000000       0x50
 .debug_ranges  0x00000000       0x50 c:/winavr/bin/../lib/gcc/avr/4.3.3/avr51\libgcc.a(_mul_sf.o)

Cross Reference Table

Symbol                                            File
LCD_allPagesOn                                    obj\Release\lcd_driver_KS0107.o
LCD_clearCirc                                     obj\Release\lcd_graphics.o
LCD_clearLine                                     obj\Release\lcd_graphics.o
LCD_clearRect                                     obj\Release\lcd_graphics.o
                                                  obj\Release\display.o
LCD_clr                                           obj\Release\lcd_driver_KS0107.o
                                                  obj\Release\display.o
LCD_copyPageTo                                    obj\Release\lcd_graphics.o
LCD_copyPixelTo                                   obj\Release\lcd_graphics.o
LCD_currentX                                      obj\Release\lcd_graphics.o
                                                  obj\Release\lcd_driver_KS0107.o
LCD_currentY                                      obj\Release\lcd_graphics.o
                                                  obj\Release\lcd_driver_KS0107.o
LCD_drawBMP                                       obj\Release\lcd_graphics.o
                                                  obj\Release\display.o
LCD_drawCirc                                      obj\Release\lcd_graphics.o
LCD_drawFullBMP                                   obj\Release\lcd_graphics.o
                                                  obj\Release\display.o
LCD_drawLine                                      obj\Release\lcd_graphics.o
                                                  obj\Release\display.o
LCD_drawRect                                      obj\Release\lcd_graphics.o
LCD_fillCirc                                      obj\Release\lcd_graphics.o
LCD_fillRect                                      obj\Release\lcd_graphics.o
LCD_init                                          obj\Release\lcd_driver_KS0107.o
                                                  obj\Release\display.o
LCD_invertLine                                    obj\Release\lcd_graphics.o
LCD_invertPage                                    obj\Release\lcd_driver_KS0107.o
                                                  obj\Release\lcd_graphics.o
LCD_invertPixel                                   obj\Release\lcd_driver_KS0107.o
                                                  obj\Release\lcd_graphics.o
LCD_invertRect                                    obj\Release\lcd_graphics.o
LCD_isBusy                                        obj\Release\lcd_driver_KS0107.o
LCD_isOff                                         obj\Release\lcd_driver_KS0107.o
LCD_isReseting                                    obj\Release\lcd_driver_KS0107.o
LCD_off                                           obj\Release\lcd_driver_KS0107.o
LCD_offPage                                       obj\Release\lcd_driver_KS0107.o
                                                  obj\Release\lcd_graphics.o
LCD_on                                            obj\Release\lcd_driver_KS0107.o
LCD_onPage                                        obj\Release\lcd_driver_KS0107.o
                                                  obj\Release\lcd_graphics.o
LCD_pixelOff                                      obj\Release\lcd_driver_KS0107.o
                                                  obj\Release\lcd_graphics.o
LCD_pixelOn                                       obj\Release\lcd_driver_KS0107.o
                                                  obj\Release\lcd_graphics.o
LCD_putchar                                       obj\Release\lcd_driver_KS0107.o
LCD_putgchar                                      obj\Release\lcd_graphics.o
LCD_putgstr                                       obj\Release\lcd_graphics.o
                                                  obj\Release\display.o
LCD_puts                                          obj\Release\lcd_driver_KS0107.o
                                                  obj\Release\display.o
LCD_putsp                                         obj\Release\lcd_driver_KS0107.o
LCD_readByte                                      obj\Release\lcd_driver_KS0107.o
LCD_readStatus                                    obj\Release\lcd_driver_KS0107.o
LCD_selectChip                                    obj\Release\lcd_driver_KS0107.o
LCD_selectLeftChip                                obj\Release\lcd_driver_KS0107.o
LCD_selectRightChip                               obj\Release\lcd_driver_KS0107.o
LCD_sendCommand                                   obj\Release\lcd_driver_KS0107.o
LCD_setColumnAddress                              obj\Release\lcd_driver_KS0107.o
LCD_setCursorXY                                   obj\Release\lcd_driver_KS0107.o
                                                  obj\Release\lcd_graphics.o
                                                  obj\Release\display.o
LCD_setInitialLineAddress                         obj\Release\lcd_driver_KS0107.o
LCD_setPageAddress                                obj\Release\lcd_driver_KS0107.o
LCD_wait_busy                                     obj\Release\lcd_driver_KS0107.o
LCD_wait_execution                                obj\Release\lcd_driver_KS0107.o
LCD_writeByte                                     obj\Release\lcd_driver_KS0107.o
                                                  obj\Release\lcd_graphics.o
LCD_writeByteXY                                   obj\Release\lcd_graphics.o
_LCD_absDiff                                      obj\Release\lcd_graphics.o
_LCD_doCirc                                       obj\Release\lcd_graphics.o
_LCD_doLine                                       obj\Release\lcd_graphics.o
_LCD_doRect                                       obj\Release\lcd_graphics.o
_LCD_readByte                                     obj\Release\lcd_driver_KS0107.o
__bad_interrupt                                   c:/winavr/bin/../lib/gcc/avr/4.3.3/../../../../avr/lib/avr51/crtm128.o
__bss_end                                         c:/winavr/bin/../lib/gcc/avr/4.3.3/avr51\libgcc.a(_clear_bss.o)
__bss_start                                       c:/winavr/bin/../lib/gcc/avr/4.3.3/avr51\libgcc.a(_clear_bss.o)
__clz_tab                                         c:/winavr/bin/../lib/gcc/avr/4.3.3/avr51\libgcc.a(_clz.o)
                                                  c:/winavr/bin/../lib/gcc/avr/4.3.3/avr51\libgcc.a(_clzsi2.o)
__clzsi2                                          c:/winavr/bin/../lib/gcc/avr/4.3.3/avr51\libgcc.a(_clzsi2.o)
                                                  c:/winavr/bin/../lib/gcc/avr/4.3.3/avr51\libgcc.a(_usi_to_sf.o)
__data_end                                        c:/winavr/bin/../lib/gcc/avr/4.3.3/../../../../avr/lib/avr51/crtm128.o
__data_load_start                                 c:/winavr/bin/../lib/gcc/avr/4.3.3/../../../../avr/lib/avr51/crtm128.o
__data_start                                      c:/winavr/bin/../lib/gcc/avr/4.3.3/../../../../avr/lib/avr51/crtm128.o
__divmodhi4                                       c:/winavr/bin/../lib/gcc/avr/4.3.3/avr51\libgcc.a(_divmodhi4.o)
                                                  obj\Release\lcd_graphics.o
__divsf3                                          c:/winavr/bin/../lib/gcc/avr/4.3.3/avr51\libgcc.a(_div_sf.o)
                                                  obj\Release\display.o
__do_clear_bss                                    c:/winavr/bin/../lib/gcc/avr/4.3.3/avr51\libgcc.a(_clear_bss.o)
                                                  obj\Release\lcd_driver_KS0107.o
                                                  obj\Release\display.o
                                                  obj\Release\core.o
__do_copy_data                                    c:/winavr/bin/../lib/gcc/avr/4.3.3/../../../../avr/lib/avr51/crtm128.o
                                                  c:/winavr/bin/../lib/gcc/avr/4.3.3/avr51\libgcc.a(_clz.o)
                                                  c:/winavr/bin/../lib/gcc/avr/4.3.3/avr51\libgcc.a(_thenan_sf.o)
                                                  obj\Release\display.o
                                                  obj\Release\core.o
__epilogue_restores__                             c:/winavr/bin/../lib/gcc/avr/4.3.3/avr51\libgcc.a(_epilogue.o)
                                                  c:/winavr/bin/../lib/gcc/avr/4.3.3/avr51\libgcc.a(_usi_to_sf.o)
                                                  c:/winavr/bin/../lib/gcc/avr/4.3.3/avr51\libgcc.a(_div_sf.o)
                                                  c:/winavr/bin/../lib/gcc/avr/4.3.3/avr51\libgcc.a(_mul_sf.o)
__floatunsisf                                     c:/winavr/bin/../lib/gcc/avr/4.3.3/avr51\libgcc.a(_usi_to_sf.o)
                                                  obj\Release\display.o
__ftoa_engine                                     c:/winavr/bin/../lib/gcc/avr/4.3.3/../../../../avr/lib/avr51\libc.a(ftoa_engine.o)
                                                  c:/winavr/bin/../lib/gcc/avr/4.3.3/../../../../avr/lib/avr51\libprintf_flt.a(vfprintf_flt.o)
__heap_end                                        c:/winavr/bin/../lib/gcc/avr/4.3.3/../../../../avr/lib/avr51/crtm128.o
__init                                            c:/winavr/bin/../lib/gcc/avr/4.3.3/../../../../avr/lib/avr51/crtm128.o
__mulsf3                                          c:/winavr/bin/../lib/gcc/avr/4.3.3/avr51\libgcc.a(_mul_sf.o)
                                                  obj\Release\display.o
__pack_f                                          c:/winavr/bin/../lib/gcc/avr/4.3.3/avr51\libgcc.a(_pack_sf.o)
                                                  c:/winavr/bin/../lib/gcc/avr/4.3.3/avr51\libgcc.a(_usi_to_sf.o)
                                                  c:/winavr/bin/../lib/gcc/avr/4.3.3/avr51\libgcc.a(_div_sf.o)
                                                  c:/winavr/bin/../lib/gcc/avr/4.3.3/avr51\libgcc.a(_mul_sf.o)
__prologue_saves__                                c:/winavr/bin/../lib/gcc/avr/4.3.3/avr51\libgcc.a(_prologue.o)
                                                  c:/winavr/bin/../lib/gcc/avr/4.3.3/avr51\libgcc.a(_usi_to_sf.o)
                                                  c:/winavr/bin/../lib/gcc/avr/4.3.3/avr51\libgcc.a(_div_sf.o)
                                                  c:/winavr/bin/../lib/gcc/avr/4.3.3/avr51\libgcc.a(_mul_sf.o)
__stack                                           c:/winavr/bin/../lib/gcc/avr/4.3.3/../../../../avr/lib/avr51/crtm128.o
__thenan_sf                                       c:/winavr/bin/../lib/gcc/avr/4.3.3/avr51\libgcc.a(_thenan_sf.o)
                                                  c:/winavr/bin/../lib/gcc/avr/4.3.3/avr51\libgcc.a(_div_sf.o)
                                                  c:/winavr/bin/../lib/gcc/avr/4.3.3/avr51\libgcc.a(_mul_sf.o)
__udivmodhi4                                      c:/winavr/bin/../lib/gcc/avr/4.3.3/avr51\libgcc.a(_udivmodhi4.o)
                                                  c:/winavr/bin/../lib/gcc/avr/4.3.3/avr51\libgcc.a(_divmodhi4.o)
__ultoa_invert                                    c:/winavr/bin/../lib/gcc/avr/4.3.3/../../../../avr/lib/avr51\libc.a(ultoa_invert.o)
                                                  c:/winavr/bin/../lib/gcc/avr/4.3.3/../../../../avr/lib/avr51\libprintf_flt.a(vfprintf_flt.o)
__unpack_f                                        c:/winavr/bin/../lib/gcc/avr/4.3.3/avr51\libgcc.a(_unpack_sf.o)
                                                  c:/winavr/bin/../lib/gcc/avr/4.3.3/avr51\libgcc.a(_div_sf.o)
                                                  c:/winavr/bin/../lib/gcc/avr/4.3.3/avr51\libgcc.a(_mul_sf.o)
__vector_1                                        c:/winavr/bin/../lib/gcc/avr/4.3.3/../../../../avr/lib/avr51/crtm128.o
__vector_10                                       c:/winavr/bin/../lib/gcc/avr/4.3.3/../../../../avr/lib/avr51/crtm128.o
__vector_11                                       c:/winavr/bin/../lib/gcc/avr/4.3.3/../../../../avr/lib/avr51/crtm128.o
__vector_12                                       obj\Release\core.o
                                                  c:/winavr/bin/../lib/gcc/avr/4.3.3/../../../../avr/lib/avr51/crtm128.o
__vector_13                                       c:/winavr/bin/../lib/gcc/avr/4.3.3/../../../../avr/lib/avr51/crtm128.o
__vector_14                                       c:/winavr/bin/../lib/gcc/avr/4.3.3/../../../../avr/lib/avr51/crtm128.o
__vector_15                                       c:/winavr/bin/../lib/gcc/avr/4.3.3/../../../../avr/lib/avr51/crtm128.o
__vector_16                                       c:/winavr/bin/../lib/gcc/avr/4.3.3/../../../../avr/lib/avr51/crtm128.o
__vector_17                                       c:/winavr/bin/../lib/gcc/avr/4.3.3/../../../../avr/lib/avr51/crtm128.o
__vector_18                                       c:/winavr/bin/../lib/gcc/avr/4.3.3/../../../../avr/lib/avr51/crtm128.o
__vector_19                                       c:/winavr/bin/../lib/gcc/avr/4.3.3/../../../../avr/lib/avr51/crtm128.o
__vector_2                                        c:/winavr/bin/../lib/gcc/avr/4.3.3/../../../../avr/lib/avr51/crtm128.o
__vector_20                                       c:/winavr/bin/../lib/gcc/avr/4.3.3/../../../../avr/lib/avr51/crtm128.o
__vector_21                                       c:/winavr/bin/../lib/gcc/avr/4.3.3/../../../../avr/lib/avr51/crtm128.o
__vector_22                                       c:/winavr/bin/../lib/gcc/avr/4.3.3/../../../../avr/lib/avr51/crtm128.o
__vector_23                                       c:/winavr/bin/../lib/gcc/avr/4.3.3/../../../../avr/lib/avr51/crtm128.o
__vector_24                                       c:/winavr/bin/../lib/gcc/avr/4.3.3/../../../../avr/lib/avr51/crtm128.o
__vector_25                                       c:/winavr/bin/../lib/gcc/avr/4.3.3/../../../../avr/lib/avr51/crtm128.o
__vector_26                                       obj\Release\core.o
                                                  c:/winavr/bin/../lib/gcc/avr/4.3.3/../../../../avr/lib/avr51/crtm128.o
__vector_27                                       c:/winavr/bin/../lib/gcc/avr/4.3.3/../../../../avr/lib/avr51/crtm128.o
__vector_28                                       c:/winavr/bin/../lib/gcc/avr/4.3.3/../../../../avr/lib/avr51/crtm128.o
__vector_29                                       c:/winavr/bin/../lib/gcc/avr/4.3.3/../../../../avr/lib/avr51/crtm128.o
__vector_3                                        c:/winavr/bin/../lib/gcc/avr/4.3.3/../../../../avr/lib/avr51/crtm128.o
__vector_30                                       c:/winavr/bin/../lib/gcc/avr/4.3.3/../../../../avr/lib/avr51/crtm128.o
__vector_31                                       c:/winavr/bin/../lib/gcc/avr/4.3.3/../../../../avr/lib/avr51/crtm128.o
__vector_32                                       c:/winavr/bin/../lib/gcc/avr/4.3.3/../../../../avr/lib/avr51/crtm128.o
__vector_33                                       c:/winavr/bin/../lib/gcc/avr/4.3.3/../../../../avr/lib/avr51/crtm128.o
__vector_34                                       c:/winavr/bin/../lib/gcc/avr/4.3.3/../../../../avr/lib/avr51/crtm128.o
__vector_4                                        c:/winavr/bin/../lib/gcc/avr/4.3.3/../../../../avr/lib/avr51/crtm128.o
__vector_5                                        c:/winavr/bin/../lib/gcc/avr/4.3.3/../../../../avr/lib/avr51/crtm128.o
__vector_6                                        obj\Release\core.o
                                                  c:/winavr/bin/../lib/gcc/avr/4.3.3/../../../../avr/lib/avr51/crtm128.o
__vector_7                                        c:/winavr/bin/../lib/gcc/avr/4.3.3/../../../../avr/lib/avr51/crtm128.o
__vector_8                                        c:/winavr/bin/../lib/gcc/avr/4.3.3/../../../../avr/lib/avr51/crtm128.o
__vector_9                                        c:/winavr/bin/../lib/gcc/avr/4.3.3/../../../../avr/lib/avr51/crtm128.o
__vector_default                                  c:/winavr/bin/../lib/gcc/avr/4.3.3/../../../../avr/lib/avr51/crtm128.o
__vectors                                         c:/winavr/bin/../lib/gcc/avr/4.3.3/../../../../avr/lib/avr51/crtm128.o
_div                                              c:/winavr/bin/../lib/gcc/avr/4.3.3/avr51\libgcc.a(_divmodhi4.o)
_exit                                             c:/winavr/bin/../lib/gcc/avr/4.3.3/avr51\libgcc.a(_exit.o)
a                                                 obj\Release\display.o
adc_battery                                       obj\Release\core.o
adc_battery_last                                  obj\Release\core.o
adc_check_battery                                 obj\Release\core.o
adc_check_cts                                     obj\Release\core.o
adc_check_lpg_level                               obj\Release\core.o
adc_cts                                           obj\Release\core.o
adc_cts_last                                      obj\Release\core.o
adc_lpg_level                                     obj\Release\core.o
adc_lpg_level_last                                obj\Release\core.o
adc_read_values                                   obj\Release\core.o
analog_init                                       obj\Release\core.o
                                                  obj\Release\main.o
battery                                           obj\Release\display.o
car                                               obj\Release\display.o
check_alternator                                  obj\Release\core.o
check_doors                                       obj\Release\core.o
check_doors_indicator                             obj\Release\core.o
check_fan                                         obj\Release\core.o
check_handbrake                                   obj\Release\core.o
check_oil                                         obj\Release\core.o
check_parklight                                   obj\Release\core.o
door                                              obj\Release\display.o
exit                                              c:/winavr/bin/../lib/gcc/avr/4.3.3/avr51\libgcc.a(_exit.o)
                                                  c:/winavr/bin/../lib/gcc/avr/4.3.3/../../../../avr/lib/avr51/crtm128.o
fan                                               obj\Release\display.o
flag_alternator_update                            obj\Release\core.o
flag_backleft_update                              obj\Release\core.o
flag_backright_update                             obj\Release\core.o
flag_baggage_update                               obj\Release\core.o
flag_fan_update                                   obj\Release\core.o
flag_frontleft_update                             obj\Release\core.o
flag_frontright_update                            obj\Release\core.o
flag_handbrake_update                             obj\Release\core.o
flag_ignition_update                              obj\Release\core.o
flag_oil_update                                   obj\Release\core.o
flag_parklight_update                             obj\Release\core.o
fputc                                             c:/winavr/bin/../lib/gcc/avr/4.3.3/../../../../avr/lib/avr51\libc.a(fputc.o)
                                                  c:/winavr/bin/../lib/gcc/avr/4.3.3/../../../../avr/lib/avr51\libprintf_flt.a(vfprintf_flt.o)
gui_alternator                                    obj\Release\display.o
                                                  obj\Release\core.o
gui_battery_voltage                               obj\Release\display.o
                                                  obj\Release\core.o
gui_cts                                           obj\Release\display.o
                                                  obj\Release\core.o
gui_door_open                                     obj\Release\display.o
                                                  obj\Release\core.o
gui_fan                                           obj\Release\display.o
                                                  obj\Release\core.o
gui_handbrake                                     obj\Release\display.o
                                                  obj\Release\core.o
gui_init                                          obj\Release\display.o
                                                  obj\Release\main.o
gui_logo                                          obj\Release\display.o
gui_lpg_level                                     obj\Release\display.o
                                                  obj\Release\core.o
gui_mainstream                                    obj\Release\display.o
gui_oil                                           obj\Release\display.o
                                                  obj\Release\core.o
gui_parklight                                     obj\Release\display.o
                                                  obj\Release\core.o
gui_test                                          obj\Release\display.o
interrupts_init                                   obj\Release\core.o
                                                  obj\Release\main.o
light                                             obj\Release\display.o
logo                                              obj\Release\display.o
main                                              obj\Release\main.o
                                                  c:/winavr/bin/../lib/gcc/avr/4.3.3/../../../../avr/lib/avr51/crtm128.o
oil                                               obj\Release\display.o
park                                              obj\Release\display.o
ports_init                                        obj\Release\core.o
                                                  obj\Release\main.o
read_last_values                                  obj\Release\core.o
read_values                                       obj\Release\core.o
sprintf                                           c:/winavr/bin/../lib/gcc/avr/4.3.3/../../../../avr/lib/avr51\libc.a(sprintf.o)
                                                  obj\Release\display.o
strnlen                                           c:/winavr/bin/../lib/gcc/avr/4.3.3/../../../../avr/lib/avr51\libc.a(strnlen.o)
                                                  c:/winavr/bin/../lib/gcc/avr/4.3.3/../../../../avr/lib/avr51\libprintf_flt.a(vfprintf_flt.o)
strnlen_P                                         c:/winavr/bin/../lib/gcc/avr/4.3.3/../../../../avr/lib/avr51\libc.a(strnlen_P.o)
                                                  c:/winavr/bin/../lib/gcc/avr/4.3.3/../../../../avr/lib/avr51\libprintf_flt.a(vfprintf_flt.o)
swift                                             obj\Release\display.o
text                                              obj\Release\display.o
text_battery                                      obj\Release\display.o
val_alternator                                    obj\Release\core.o
val_alternator_last                               obj\Release\core.o
val_backleft                                      obj\Release\core.o
val_backleft_last                                 obj\Release\core.o
val_backright                                     obj\Release\core.o
val_backright_last                                obj\Release\core.o
val_baggage                                       obj\Release\core.o
val_baggage_last                                  obj\Release\core.o
val_fan                                           obj\Release\core.o
val_fan_last                                      obj\Release\core.o
val_frontleft                                     obj\Release\core.o
val_frontleft_last                                obj\Release\core.o
val_frontright                                    obj\Release\core.o
val_frontright_last                               obj\Release\core.o
val_handbrake                                     obj\Release\core.o
val_handbrake_last                                obj\Release\core.o
val_ignition                                      obj\Release\core.o
val_ignition_last                                 obj\Release\core.o
val_oil                                           obj\Release\core.o
val_oil_last                                      obj\Release\core.o
val_parklight                                     obj\Release\core.o
val_parklight_last                                obj\Release\core.o
vfprintf                                          c:/winavr/bin/../lib/gcc/avr/4.3.3/../../../../avr/lib/avr51\libprintf_flt.a(vfprintf_flt.o)
                                                  c:/winavr/bin/../lib/gcc/avr/4.3.3/../../../../avr/lib/avr51\libc.a(sprintf.o)
